Microchip MPLAB XC8 Compiler V2.36

Linker command line:

-W-3 --edf=C:\Program Files\Microchip\xc8\v2.36\pic\dat\en_msgs.txt -cn \
  -h+dist/default/production\AlcoholDrive-Emb.X.production.sym \
  --cmf=dist/default/production\AlcoholDrive-Emb.X.production.cmf -z \
  -Q16F1459 -oC:\Users\georg\AppData\Local\Temp\xcAs1s4.4 \
  --defsym=__MPLAB_BUILD=1 \
  -Mdist/default/production/AlcoholDrive-Emb.X.production.map \
  --md=C:\Users\georg\AppData\Local\Temp\xcAs1s4.dat -E1 -ver=XC8 Compiler \
  --acfsm=1493 -ACODE=00h-07FFhx4 -ASTRCODE=00h-01FFFh -ASTRING=00h-0FFhx32 \
  -ACONST=00h-0FFhx32 -AENTRY=00h-0FFhx32 -ACOMMON=070h-07Fh \
  -ABANK0=020h-06Fh -ABANK1=0A0h-0EFh -ABANK2=0120h-016Fh \
  -ABANK3=01A0h-01EFh -ABANK4=0220h-026Fh -ABANK5=02A0h-02EFh \
  -ABANK6=0320h-036Fh -ABANK7=03A0h-03EFh -ABANK8=0420h-046Fh \
  -ABANK9=04A0h-04EFh -ABANK10=0520h-056Fh -ABANK11=05A0h-05EFh \
  -ABANK12=0620h-064Fh -ABIGRAM=02000h-023EFh \
  -ARAM=020h-06Fh,0A0h-0EFh,0120h-016Fh,01A0h-01EFh,0220h-026Fh,02A0h-02EFh,0320h-036Fh,03A0h-03EFh,0420h-046Fh,04A0h-04EFh,0520h-056Fh,05A0h-05EFh,0620h-064Fh \
  -AABS1=020h-07Fh,0A0h-0EFh,0120h-016Fh,01A0h-01EFh,0220h-026Fh,02A0h-02EFh,0320h-036Fh,03A0h-03EFh,0420h-046Fh,04A0h-04EFh,0520h-056Fh,05A0h-05EFh,0620h-064Fh \
  -ASFR0=00h-01Fh -ASFR1=080h-09Fh -ASFR2=0100h-011Fh -ASFR3=0180h-019Fh \
  -ASFR4=0200h-021Fh -ASFR5=0280h-029Fh -ASFR6=0300h-031Fh \
  -ASFR7=0380h-039Fh -ASFR8=0400h-041Fh -ASFR9=0480h-049Fh \
  -ASFR10=0500h-051Fh -ASFR11=0580h-059Fh -ASFR12=0600h-061Fh \
  -ASFR13=0680h-06EFh -ASFR14=0700h-076Fh -ASFR15=0780h-07EFh \
  -ASFR16=0800h-086Fh -ASFR17=0880h-08EFh -ASFR18=0900h-096Fh \
  -ASFR19=0980h-09EFh -ASFR20=0A00h-0A6Fh -ASFR21=0A80h-0AEFh \
  -ASFR22=0B00h-0B6Fh -ASFR23=0B80h-0BEFh -ASFR24=0C00h-0C6Fh \
  -ASFR25=0C80h-0CEFh -ASFR26=0D00h-0D6Fh -ASFR27=0D80h-0DEFh \
  -ASFR28=0E00h-0E6Fh -ASFR29=0E80h-0EEFh -ASFR30=0F00h-0F6Fh \
  -ASFR31=0F80h-0FEFh -ACONFIG=08007h-08008h -DCONFIG=2 \
  -AIDLOC=08000h-08003h -DIDLOC=2 -DCODE=2 -DSTRCODE=2 -DSTRING=2 -DCONST=2 \
  -DENTRY=2 -preset_vec=00h,intentry=04h,init,end_init -ppowerup=CODE \
  -pcinit=CODE -pfunctab=ENTRY -k \
  C:\Users\georg\AppData\Local\Temp\xcAs1s4.o \
  dist/default/production\AlcoholDrive-Emb.X.production.o 

Object code version is 3.11

Machine type is 16F1459



                Name                               Link     Load   Length Selector   Space Scale
C:\Users\georg\AppData\Local\Temp\xcAs1s4.o
                end_init                              B        B        2        8       0
                reset_vec                             0        0        2        0       0
                config                             8007     8007        2        0       4
dist/default/production\AlcoholDrive-Emb.X.production.o
                cinit                                 D        D       20        8       0
                intentry                              4        4        7        8       0
                config                             8007     8007        2        0       4
                text46                              D61      D61       83     1AC2       0
                text45                              CE1      CE1       80     19C2       0
                text44                              BE9      BE9       7A     17D2       0
                text43                              503      503       AF        8       0
                text42                              A0C      A0C       3A     1418       0
                text41                              A46      A46       43     148C       0
                text40                              892      892       25     1124       0
                text39                              E67      E67       87     1CCE       0
                text38                              811      811       1E     1022       0
                text37                              6FE      6FE       9F        8       0
                text36                              8B7      8B7       28     116E       0
                text35                             1788     1788        B     2F10       0
                text34                              8DF      8DF       28     11BE       0
                text33                             179E     179E        C     2F3C       0
                text32                             17B6     17B6        D     2F6C       0
                text31                              959      959       2C     12B2       0
                text30                              AD4      AD4       50     15A8       0
                text29                               2D       2D      156        8       0
                text28                              DE4      DE4       83     1BC8       0
                text27                              B7F      B7F       6A     16FE       0
                text26                              386      386       CA        8       0
                text25                              F76      F76       8A     1EEC       0
                text24                              C63      C63       7E     18C6       0
                text23                              79D      79D       5C        8       0
                text22                              65B      65B       A3        8       0
                text21                              A89      A89       4B     1512       0
                text20                              9DE      9DE       2E     13BC       0
                text19                              B24      B24       5B     1648       0
                text18                             17E4     17E4       1C     2FC8       0
                text17                              9B1      9B1       2D     1362       0
                text16                              82F      82F       20     105E       0
                text15                              870      870       22     10E0       0
                text14                              5B2      5B2       A9        8       0
                text13                              183      183      126        8       0
                text11                              907      907       29     120E       0
                text10                              930      930       29     1260       0
                text9                               EEE      EEE       88     1DDC       0
                text8                              17D0     17D0       14     2FA0       0
                text7                               2A9      2A9       DD        8       0
                text6                              1793     1793        B     2F26       0
                text5                              17AA     17AA        C     2F54       0
                text4                              17C3     17C3        D     2F86       0
                text3                               985      985       2C     130A       0
                text2                               84F      84F       21     109E       0
                text1                               450      450       B3        8       0
                maintext                            801      801       10     1002       0
                cstackBANK0                          50       50       15       50       1
                cstackCOMMON                         70       70        E       70       1
                cstackBANK1                          E0       E0        D       E0       1
                cstackBANK2                         16B      16B        5      160       1
                clrtext                             7F9      7F9        6        8       0
                bssBANK3                            1A0      1A0       1E      1A0       1
                bssBANK2                            160      160        B      160       1
                bssBANK1                             ED       ED        3       E0       1
                bssBANK0                             65       65        B       50       1
                stringtext8                        1818     1818        4     3000       0
                stringtext7                        1800     1800       12     3000       0
                stringtext6                        1075     1075       1D     2000       0
                stringtext5                        1053     1053       22     2000       0
                stringtext4                        102A     102A       29     2000       0
                stringtext3                        1000     1000       2A     2000       0
                stringtext2                        181C     181C        2     3000       0
                stringtext1                        1812     1812        6     3000       0

TOTAL           Name                               Link     Load   Length     Space
        CLASS   CODE           
                end_init                              B        B        2         0
                cinit                                 D        D       20         0
                intentry                              4        4        7         0
                reset_vec                             0        0        2         0
                text46                              D61      D61       83         0
                text45                              CE1      CE1       80         0
                text44                              BE9      BE9       7A         0
                text43                              503      503       AF         0
                text42                              A0C      A0C       3A         0
                text41                              A46      A46       43         0
                text40                              892      892       25         0
                text39                              E67      E67       87         0
                text38                              811      811       1E         0
                text37                              6FE      6FE       9F         0
                text36                              8B7      8B7       28         0
                text35                             1788     1788        B         0
                text34                              8DF      8DF       28         0
                text33                             179E     179E        C         0
                text32                             17B6     17B6        D         0
                text31                              959      959       2C         0
                text30                              AD4      AD4       50         0
                text29                               2D       2D      156         0
                text28                              DE4      DE4       83         0
                text27                              B7F      B7F       6A         0
                text26                              386      386       CA         0
                text25                              F76      F76       8A         0
                text24                              C63      C63       7E         0
                text23                              79D      79D       5C         0
                text22                              65B      65B       A3         0
                text21                              A89      A89       4B         0
                text20                              9DE      9DE       2E         0
                text19                              B24      B24       5B         0
                text18                             17E4     17E4       1C         0
                text17                              9B1      9B1       2D         0
                text16                              82F      82F       20         0
                text15                              870      870       22         0
                text14                              5B2      5B2       A9         0
                text13                              183      183      126         0
                text11                              907      907       29         0
                text10                              930      930       29         0
                text9                               EEE      EEE       88         0
                text8                              17D0     17D0       14         0
                text7                               2A9      2A9       DD         0
                text6                              1793     1793        B         0
                text5                              17AA     17AA        C         0
                text4                              17C3     17C3        D         0
                text3                               985      985       2C         0
                text2                               84F      84F       21         0
                text1                               450      450       B3         0
                maintext                            801      801       10         0
                clrtext                             7F9      7F9        6         0

        CLASS   STRCODE        
                stringtext8                        1818     1818        4         0
                stringtext7                        1800     1800       12         0
                stringtext6                        1075     1075       1D         0
                stringtext5                        1053     1053       22         0
                stringtext4                        102A     102A       29         0
                stringtext3                        1000     1000       2A         0
                stringtext2                        181C     181C        2         0
                stringtext1                        1812     1812        6         0

        CLASS   STRING         

        CLASS   CONST          

        CLASS   ENTRY          

        CLASS   COMMON         
                cstackCOMMON                         70       70        E         1

        CLASS   BANK0          
                cstackBANK0                          50       50       15         1
                bssBANK0                             65       65        B         1

        CLASS   BANK1          
                cstackBANK1                          E0       E0        D         1
                bssBANK1                             ED       ED        3         1

        CLASS   BANK2          
                cstackBANK2                         16B      16B        5         1
                bssBANK2                            160      160        B         1

        CLASS   BANK3          
                bssBANK3                            1A0      1A0       1E         1

        CLASS   BANK4          

        CLASS   BANK5          

        CLASS   BANK6          

        CLASS   BANK7          

        CLASS   BANK8          

        CLASS   BANK9          

        CLASS   BANK10         

        CLASS   BANK11         

        CLASS   BANK12         

        CLASS   BIGRAM         

        CLASS   RAM            

        CLASS   ABS1           
                abs_s1                               20       20       30         1
                abs_s1                               7E       7E        2         1
                abs_s1                               A0       A0       40         1
                abs_s1                              120      120       40         1

        CLASS   SFR0           

        CLASS   SFR1           

        CLASS   SFR2           

        CLASS   SFR3           

        CLASS   SFR4           

        CLASS   SFR5           

        CLASS   SFR6           

        CLASS   SFR7           

        CLASS   SFR8           

        CLASS   SFR9           

        CLASS   SFR10          

        CLASS   SFR11          

        CLASS   SFR12          

        CLASS   SFR13          

        CLASS   SFR14          

        CLASS   SFR15          

        CLASS   SFR16          

        CLASS   SFR17          

        CLASS   SFR18          

        CLASS   SFR19          

        CLASS   SFR20          

        CLASS   SFR21          

        CLASS   SFR22          

        CLASS   SFR23          

        CLASS   SFR24          

        CLASS   SFR25          

        CLASS   SFR26          

        CLASS   SFR27          

        CLASS   SFR28          

        CLASS   SFR29          

        CLASS   SFR30          

        CLASS   SFR31          

        CLASS   CONFIG         
                config                             8007     8007        2         4

        CLASS   IDLOC          

        CLASS   BANK31         

        CLASS   BANK30         

        CLASS   BANK29         

        CLASS   BANK28         

        CLASS   BANK27         

        CLASS   BANK26         

        CLASS   BANK25         

        CLASS   BANK24         

        CLASS   BANK23         

        CLASS   BANK22         

        CLASS   BANK21         

        CLASS   BANK20         

        CLASS   BANK19         

        CLASS   BANK18         

        CLASS   BANK17         

        CLASS   BANK16         

        CLASS   BANK15         

        CLASS   BANK14         

        CLASS   BANK13         

        CLASS   HEAP           

        CLASS   STACK          

        CLASS   EEDATA         



SEGMENTS        Name                           Load    Length   Top    Selector   Space  Class     Delta

                reset_vec                      000000  000002  000002         0       0  CODE        2
                intentry                       000004  0007FB  0007FF         8       0  CODE        2
                cstackBANK0                    000050  000020  000070        50       1  BANK0       1
                cstackCOMMON                   000070  00000E  00007E        70       1  COMMON      1
                cstackBANK1                    0000E0  000010  0000F0        E0       1  BANK1       1
                bssBANK2                       000160  000010  000170       160       1  BANK2       1
                bssBANK3                       0001A0  00001E  0001BE       1A0       1  BANK3       1
                maintext                       000801  000010  000811      1002       0  CODE        2
                text38                         000811  00001E  00082F      1022       0  CODE        2
                text16                         00082F  000020  00084F      105E       0  CODE        2
                text2                          00084F  000021  000870      109E       0  CODE        2
                text15                         000870  000022  000892      10E0       0  CODE        2
                text40                         000892  000025  0008B7      1124       0  CODE        2
                text36                         0008B7  000028  0008DF      116E       0  CODE        2
                text34                         0008DF  000028  000907      11BE       0  CODE        2
                text11                         000907  000029  000930      120E       0  CODE        2
                text10                         000930  000029  000959      1260       0  CODE        2
                text31                         000959  00002C  000985      12B2       0  CODE        2
                text3                          000985  00002C  0009B1      130A       0  CODE        2
                text17                         0009B1  00002D  0009DE      1362       0  CODE        2
                text20                         0009DE  00002E  000A0C      13BC       0  CODE        2
                text42                         000A0C  00003A  000A46      1418       0  CODE        2
                text41                         000A46  000043  000A89      148C       0  CODE        2
                text21                         000A89  00004B  000AD4      1512       0  CODE        2
                text30                         000AD4  000050  000B24      15A8       0  CODE        2
                text19                         000B24  00005B  000B7F      1648       0  CODE        2
                text27                         000B7F  00006A  000BE9      16FE       0  CODE        2
                text44                         000BE9  00007A  000C63      17D2       0  CODE        2
                text24                         000C63  00007E  000CE1      18C6       0  CODE        2
                text45                         000CE1  000080  000D61      19C2       0  CODE        2
                text46                         000D61  000083  000DE4      1AC2       0  CODE        2
                text28                         000DE4  000083  000E67      1BC8       0  CODE        2
                text39                         000E67  000087  000EEE      1CCE       0  CODE        2
                text9                          000EEE  000088  000F76      1DDC       0  CODE        2
                text25                         000F76  00008A  001000      1EEC       0  CODE        2
                stringtext3                    001000  000092  001092      2000       0  STRCODE     2
                text35                         001788  00000B  001793      2F10       0  CODE        2
                text6                          001793  00000B  00179E      2F26       0  CODE        2
                text33                         00179E  00000C  0017AA      2F3C       0  CODE        2
                text5                          0017AA  00000C  0017B6      2F54       0  CODE        2
                text32                         0017B6  00000D  0017C3      2F6C       0  CODE        2
                text4                          0017C3  00000D  0017D0      2F86       0  CODE        2
                text8                          0017D0  000014  0017E4      2FA0       0  CODE        2
                text18                         0017E4  00001C  001800      2FC8       0  CODE        2
                stringtext7                    001800  00001E  00181E      3000       0  STRCODE     2


UNUSED ADDRESS RANGES

        Name                Unused          Largest block    Delta
        BANK10           00520-0056F              50           1
        BANK11           005A0-005EF              50           1
        BANK12           00620-0064F              30           1
        BANK3            001BE-001EF              32           1
        BANK4            00220-0026F              50           1
        BANK5            002A0-002EF              50           1
        BANK6            00320-0036F              50           1
        BANK7            003A0-003EF              50           1
        BANK8            00420-0046F              50           1
        BANK9            004A0-004EF              50           1
        BIGRAM           02000-023EF             3F0           1
        CODE             00002-00003               2           2
                         007FF-00800               1
                         01092-01787             6F6
                         0181E-01FFF             7E2
        CONST            00002-00003               2           2
                         007FF-00800               1
                         01092-01787             100
                         0181E-01FFF             100
        ENTRY            00002-00003               2           2
                         007FF-00800               1
                         01092-01787             100
                         0181E-01FFF             100
        IDLOC            08000-08003               4           2
        RAM              001BE-001EF              32           1
                         00220-0026F              50
                         002A0-002EF              50
                         00320-0036F              50
                         003A0-003EF              50
                         00420-0046F              50
                         004A0-004EF              50
                         00520-0056F              50
                         005A0-005EF              50
                         00620-0064F              30
        SFR0             00000-0001F              20           1
        SFR1             00080-0009F              20           1
        SFR10            00500-0051F              20           1
        SFR11            00580-0059F              20           1
        SFR12            00600-0061F              20           1
        SFR13            00680-006EF              70           1
        SFR14            00700-0076F              70           1
        SFR15            00780-007EF              70           1
        SFR16            00800-0086F              70           1
        SFR17            00880-008EF              70           1
        SFR18            00900-0096F              70           1
        SFR19            00980-009EF              70           1
        SFR2             00100-0011F              20           1
        SFR20            00A00-00A6F              70           1
        SFR21            00A80-00AEF              70           1
        SFR22            00B00-00B6F              70           1
        SFR23            00B80-00BEF              70           1
        SFR24            00C00-00C6F              70           1
        SFR25            00C80-00CEF              70           1
        SFR26            00D00-00D6F              70           1
        SFR27            00D80-00DEF              70           1
        SFR28            00E00-00E6F              70           1
        SFR29            00E80-00EEF              70           1
        SFR3             00180-0019F              20           1
        SFR30            00F00-00F6F              70           1
        SFR31            00F80-00FEF              70           1
        SFR4             00200-0021F              20           1
        SFR5             00280-0029F              20           1
        SFR6             00300-0031F              20           1
        SFR7             00380-0039F              20           1
        SFR8             00400-0041F              20           1
        SFR9             00480-0049F              20           1
        STRCODE          00002-00003               2           2
                         007FF-00800               2
                         01092-01787             6F6
                         0181E-01FFF             7E2
        STRING           00002-00003               2           2
                         007FF-00800               1
                         01092-01787             100
                         0181E-01FFF             100

                                  Symbol Table

?_USBTransferOnePacket                   cstackBANK1  000E0
?_check_alcohol                          cstackBANK1  000E0
?i1_USBTransferOnePacket                 cstackCOMMON 00070
APP_DeviceCustomHIDTasks@head_dat        cstackBANK2  0016B
APP_DeviceCustomHIDTasks@i               cstackBANK2  0016F
APP_DeviceCustomHIDTasks@tail_dat        cstackBANK2  0016C
APP_DeviceCustomHIDTasks@value           cstackBANK2  0016D
LED_Off@led                              cstackBANK1  000E2
LED_On@led                               cstackBANK1  000E2
SYSTEM_Initialize@state                  cstackBANK1  000E5
USBConfigureEndpoint@EPNum               cstackCOMMON 00075
USBConfigureEndpoint@direction           cstackCOMMON 00070
USBConfigureEndpoint@handle              cstackCOMMON 00076
USBCtrlTrfInHandler@lastDTS              cstackCOMMON 00075
USBCtrlTrfRxService@byteToRead           cstackCOMMON 00075
USBCtrlTrfRxService@i                    cstackCOMMON 00074
USBCtrlTrfTxService@byteToSend           cstackCOMMON 00072
USBDeviceInit@i                          cstackBANK1  000E4
USBDeviceInit@i_882                      cstackBANK1  000E3
USBDeviceInit@p                          cstackBANK1  000E1
USBDeviceTasks@i                         cstackBANK0  00064
USBEnableEndpoint@ep                     cstackCOMMON 0007C
USBEnableEndpoint@options                cstackCOMMON 00077
USBEnableEndpoint@p                      cstackCOMMON 0007A
USBStdFeatureReqHandler@current_ep_data  cstackBANK0  0005A
USBStdFeatureReqHandler@p                cstackBANK0  0005B
USBStdFeatureReqHandler@pUEP             cstackBANK0  00058
USBStdGetStatusHandler@p                 cstackCOMMON 00072
USBStdSetCfgHandler@i                    cstackBANK0  0005A
USBStdSetCfgHandler@i_1615               cstackBANK0  00059
USBStdSetCfgHandler@p                    cstackBANK0  00057
USBTransferOnePacket@data                cstackBANK1  000E1
USBTransferOnePacket@dir                 cstackBANK1  000E0
USBTransferOnePacket@ep                  cstackBANK1  000E8
USBTransferOnePacket@handle              cstackBANK1  000E9
USBTransferOnePacket@len                 cstackBANK1  000E3
USER_USB_CALLBACK_EVENT_HANDLER@event    cstackBANK0  00050
USER_USB_CALLBACK_EVENT_HANDLER@pdata    cstackBANK0  00052
USER_USB_CALLBACK_EVENT_HANDLER@size     cstackBANK0  00054
_ACTCON                                  (abs)        0039B
_ADCON0                                  (abs)        0009D
_ADCON0bits                              (abs)        0009D
_ADCON1                                  (abs)        0009E
_ADRESH                                  (abs)        0009C
_ADRESL                                  (abs)        0009B
_ANSELA                                  (abs)        0018C
_ANSELAbits                              (abs)        0018C
_ANSELC                                  (abs)        0018E
_APP_DeviceCustomHIDInitialize           text38       00811
_APP_DeviceCustomHIDTasks                text7        002A9
_BDT                                     (abs)        00020
_BothEP0OutUOWNsSet                      bssBANK3     001B8
_CtrlTrfData                             (abs)        00048
_INTCONbits                              (abs)        0000B
_LATCbits                                (abs)        0010E
_LED_Init                                text6        01793
_LED_Off                                 text11       00907
_LED_On                                  text10       00930
_OSCCON                                  (abs)        00099
_PIE2bits                                (abs)        00092
_PIR2bits                                (abs)        00012
_ReceivedDataBuffer                      (abs)        000A0
_RemoteWakeup                            bssBANK3     001BA
_SYSTEM_Initialize                       text3        00985
_SYS_InterruptHigh                       intentry     00004
_SetupPkt                                (abs)        00040
_TRISAbits                               (abs)        0008C
_TRISCbits                               (abs)        0008E
_ToSendDataBuffer                        (abs)        00120
_UADDR                                   (abs)        00E96
_UCFG                                    (abs)        00E91
_UCON                                    (abs)        00E8E
_UCONbits                                (abs)        00E8E
_UEIE                                    (abs)        00E97
_UEIR                                    (abs)        00E93
_UEP0                                    (abs)        00E98
_UEP0bits                                (abs)        00E98
_UEP1                                    (abs)        00E99
_UIE                                     (abs)        00E92
_UIEbits                                 (abs)        00E92
_UIR                                     (abs)        00E90
_UIRbits                                 (abs)        00E90
_USB1msTickCount                         bssBANK3     001A7
_USBActiveConfiguration                  bssBANK2     0016A
_USBAlternateInterface                   bssBANK2     00169
_USBBusIsSuspended                       bssBANK3     001B9
_USBCheckHIDRequest                      text37       006FE
_USBCheckStdRequest                      text24       00C63
_USBConfigureEndpoint                    text41       00A46
_USBCtrlEPAllowDataStage                 text23       0079D
_USBCtrlEPAllowStatusStage               text44       00BE9
_USBCtrlEPService                        text19       00B24
_USBCtrlEPServiceComplete                text22       0065B
_USBCtrlTrfInHandler                     text45       00CE1
_USBCtrlTrfOutHandler                    text42       00A0C
_USBCtrlTrfRxService                     text43       00503
_USBCtrlTrfSetupHandler                  text21       00A89
_USBCtrlTrfTxService                     text46       00D61
_USBDeferINDataStagePackets              bssBANK3     001B5
_USBDeferOUTDataStagePackets             bssBANK3     001B4
_USBDeferStatusStagePacket               bssBANK2     00164
_USBDeviceAttach                         text2        0084F
_USBDeviceInit                           text1        00450
_USBDeviceState                          bssBANK2     00168
_USBDeviceTasks                          text13       00183
_USBEnableEndpoint                       text40       00892
_USBInHandle                             bssBANK3     001AF
_USBIncrement1msInternalTimers           text18       017E4
_USBOutHandle                            bssBANK3     001B1
_USBStallHandler                         text17       009B1
_USBStatusStageEnabledFlag1              bssBANK3     001B7
_USBStatusStageEnabledFlag2              bssBANK3     001B6
_USBStatusStageTimeoutCounter            bssBANK2     00165
_USBStdFeatureReqHandler                 text29       0002D
_USBStdGetDscHandler                     text28       00DE4
_USBStdGetStatusHandler                  text27       00B7F
_USBStdSetCfgHandler                     text25       00F76
_USBSuspend                              text16       0082F
_USBTicksSinceSuspendEnd                 bssBANK3     001B3
_USBTransferOnePacket                    text9        00EEE
_USBWakeFromSuspend                      text15       00870
_USB_CD_Ptr                              stringtext2  0181C
_USB_SD_Ptr                              stringtext1  01812
_USER_USB_CALLBACK_EVENT_HANDLER         text30       00AD4
_USTAT                                   (abs)        00E8F
_USTATcopy                               bssBANK1     000EF
__Habs1                                  abs1         00000
__Hbank0                                 bank0        00000
__Hbank1                                 bank1        00000
__Hbank10                                bank10       00000
__Hbank11                                bank11       00000
__Hbank12                                bank12       00000
__Hbank13                                bank13       00000
__Hbank14                                bank14       00000
__Hbank15                                bank15       00000
__Hbank16                                bank16       00000
__Hbank17                                bank17       00000
__Hbank18                                bank18       00000
__Hbank19                                bank19       00000
__Hbank2                                 bank2        00000
__Hbank20                                bank20       00000
__Hbank21                                bank21       00000
__Hbank22                                bank22       00000
__Hbank23                                bank23       00000
__Hbank24                                bank24       00000
__Hbank25                                bank25       00000
__Hbank26                                bank26       00000
__Hbank27                                bank27       00000
__Hbank28                                bank28       00000
__Hbank29                                bank29       00000
__Hbank3                                 bank3        00000
__Hbank30                                bank30       00000
__Hbank31                                bank31       00000
__Hbank4                                 bank4        00000
__Hbank5                                 bank5        00000
__Hbank6                                 bank6        00000
__Hbank7                                 bank7        00000
__Hbank8                                 bank8        00000
__Hbank9                                 bank9        00000
__Hbigram                                bigram       00000
__HbssBANK0                              bssBANK0     00000
__HbssBANK1                              bssBANK1     00000
__HbssBANK2                              bssBANK2     00000
__HbssBANK3                              bssBANK3     00000
__Hcinit                                 cinit        0002D
__Hclrtext                               clrtext      00000
__Hcode                                  code         00000
__Hcommon                                common       00000
__Hconfig                                config       08009
__HcstackBANK0                           cstackBANK0  00000
__HcstackBANK1                           cstackBANK1  00000
__HcstackBANK2                           cstackBANK2  00000
__HcstackCOMMON                          cstackCOMMON 00000
__Heeprom_data                           eeprom_data  00000
__Hend_init                              end_init     0000D
__Hfunctab                               functab      00000
__Hheap                                  heap         00000
__Hinit                                  init         0000B
__Hintentry                              intentry     0000B
__Hmaintext                              maintext     00000
__Hpowerup                               powerup      00000
__Hram                                   ram          00000
__Hreset_vec                             reset_vec    00002
__Hsfr0                                  sfr0         00000
__Hsfr1                                  sfr1         00000
__Hsfr10                                 sfr10        00000
__Hsfr11                                 sfr11        00000
__Hsfr12                                 sfr12        00000
__Hsfr13                                 sfr13        00000
__Hsfr14                                 sfr14        00000
__Hsfr15                                 sfr15        00000
__Hsfr16                                 sfr16        00000
__Hsfr17                                 sfr17        00000
__Hsfr18                                 sfr18        00000
__Hsfr19                                 sfr19        00000
__Hsfr2                                  sfr2         00000
__Hsfr20                                 sfr20        00000
__Hsfr21                                 sfr21        00000
__Hsfr22                                 sfr22        00000
__Hsfr23                                 sfr23        00000
__Hsfr24                                 sfr24        00000
__Hsfr25                                 sfr25        00000
__Hsfr26                                 sfr26        00000
__Hsfr27                                 sfr27        00000
__Hsfr28                                 sfr28        00000
__Hsfr29                                 sfr29        00000
__Hsfr3                                  sfr3         00000
__Hsfr30                                 sfr30        00000
__Hsfr31                                 sfr31        00000
__Hsfr4                                  sfr4         00000
__Hsfr5                                  sfr5         00000
__Hsfr6                                  sfr6         00000
__Hsfr7                                  sfr7         00000
__Hsfr8                                  sfr8         00000
__Hsfr9                                  sfr9         00000
__Hspace_0                               (abs)        0181E
__Hspace_1                               (abs)        001BE
__Hspace_2                               (abs)        00000
__Hspace_3                               (abs)        00000
__Hspace_4                               (abs)        10010
__Hstack                                 stack        00000
__Hstrings                               strings      00000
__Hstringtext1                           stringtext1  00000
__Hstringtext2                           stringtext2  00000
__Hstringtext3                           stringtext3  00000
__Hstringtext4                           stringtext4  00000
__Hstringtext5                           stringtext5  00000
__Hstringtext6                           stringtext6  00000
__Hstringtext7                           stringtext7  00000
__Hstringtext8                           stringtext8  00000
__Htext                                  text         00000
__Labs1                                  abs1         00000
__Lbank0                                 bank0        00000
__Lbank1                                 bank1        00000
__Lbank10                                bank10       00000
__Lbank11                                bank11       00000
__Lbank12                                bank12       00000
__Lbank13                                bank13       00000
__Lbank14                                bank14       00000
__Lbank15                                bank15       00000
__Lbank16                                bank16       00000
__Lbank17                                bank17       00000
__Lbank18                                bank18       00000
__Lbank19                                bank19       00000
__Lbank2                                 bank2        00000
__Lbank20                                bank20       00000
__Lbank21                                bank21       00000
__Lbank22                                bank22       00000
__Lbank23                                bank23       00000
__Lbank24                                bank24       00000
__Lbank25                                bank25       00000
__Lbank26                                bank26       00000
__Lbank27                                bank27       00000
__Lbank28                                bank28       00000
__Lbank29                                bank29       00000
__Lbank3                                 bank3        00000
__Lbank30                                bank30       00000
__Lbank31                                bank31       00000
__Lbank4                                 bank4        00000
__Lbank5                                 bank5        00000
__Lbank6                                 bank6        00000
__Lbank7                                 bank7        00000
__Lbank8                                 bank8        00000
__Lbank9                                 bank9        00000
__Lbigram                                bigram       00000
__LbssBANK0                              bssBANK0     00000
__LbssBANK1                              bssBANK1     00000
__LbssBANK2                              bssBANK2     00000
__LbssBANK3                              bssBANK3     00000
__Lcinit                                 cinit        0000D
__Lclrtext                               clrtext      00000
__Lcode                                  code         00000
__Lcommon                                common       00000
__Lconfig                                config       00000
__LcstackBANK0                           cstackBANK0  00000
__LcstackBANK1                           cstackBANK1  00000
__LcstackBANK2                           cstackBANK2  00000
__LcstackCOMMON                          cstackCOMMON 00000
__Leeprom_data                           eeprom_data  00000
__Lend_init                              end_init     0000B
__Lfunctab                               functab      00000
__Lheap                                  heap         00000
__Linit                                  init         0000B
__Lintentry                              intentry     00004
__Lmaintext                              maintext     00000
__Lpowerup                               powerup      00000
__Lram                                   ram          00000
__Lreset_vec                             reset_vec    00000
__Lsfr0                                  sfr0         00000
__Lsfr1                                  sfr1         00000
__Lsfr10                                 sfr10        00000
__Lsfr11                                 sfr11        00000
__Lsfr12                                 sfr12        00000
__Lsfr13                                 sfr13        00000
__Lsfr14                                 sfr14        00000
__Lsfr15                                 sfr15        00000
__Lsfr16                                 sfr16        00000
__Lsfr17                                 sfr17        00000
__Lsfr18                                 sfr18        00000
__Lsfr19                                 sfr19        00000
__Lsfr2                                  sfr2         00000
__Lsfr20                                 sfr20        00000
__Lsfr21                                 sfr21        00000
__Lsfr22                                 sfr22        00000
__Lsfr23                                 sfr23        00000
__Lsfr24                                 sfr24        00000
__Lsfr25                                 sfr25        00000
__Lsfr26                                 sfr26        00000
__Lsfr27                                 sfr27        00000
__Lsfr28                                 sfr28        00000
__Lsfr29                                 sfr29        00000
__Lsfr3                                  sfr3         00000
__Lsfr30                                 sfr30        00000
__Lsfr31                                 sfr31        00000
__Lsfr4                                  sfr4         00000
__Lsfr5                                  sfr5         00000
__Lsfr6                                  sfr6         00000
__Lsfr7                                  sfr7         00000
__Lsfr8                                  sfr8         00000
__Lsfr9                                  sfr9         00000
__Lspace_0                               (abs)        00000
__Lspace_1                               (abs)        00000
__Lspace_2                               (abs)        00000
__Lspace_3                               (abs)        00000
__Lspace_4                               (abs)        00000
__Lstack                                 stack        00000
__Lstrings                               strings      00000
__Lstringtext1                           stringtext1  00000
__Lstringtext2                           stringtext2  00000
__Lstringtext3                           stringtext3  00000
__Lstringtext4                           stringtext4  00000
__Lstringtext5                           stringtext5  00000
__Lstringtext6                           stringtext6  00000
__Lstringtext7                           stringtext7  00000
__Lstringtext8                           stringtext8  00000
__Ltext                                  text         00000
__S0                                     (abs)        0181E
__S1                                     (abs)        001BE
___heap_hi                               (abs)        00000
___heap_lo                               (abs)        00000
___int_sp                                stack        00000
___latbits                               (abs)        00002
___sp                                    stack        00000
___stackhi                               (abs)        00000
___stacklo                               (abs)        00000
__end_of_APP_DeviceCustomHIDInitialize   text38       0082F
__end_of_APP_DeviceCustomHIDTasks        text7        00386
__end_of_LED_Init                        text6        0179E
__end_of_LED_Off                         text11       00930
__end_of_LED_On                          text10       00959
__end_of_SYSTEM_Initialize               text3        009B1
__end_of_SYS_InterruptHigh               intentry     0000B
__end_of_USBCheckHIDRequest              text37       0079D
__end_of_USBCheckStdRequest              text24       00CE1
__end_of_USBConfigureEndpoint            text41       00A89
__end_of_USBCtrlEPAllowDataStage         text23       007F9
__end_of_USBCtrlEPAllowStatusStage       text44       00C63
__end_of_USBCtrlEPService                text19       00B7F
__end_of_USBCtrlEPServiceComplete        text22       006FE
__end_of_USBCtrlTrfInHandler             text45       00D61
__end_of_USBCtrlTrfOutHandler            text42       00A46
__end_of_USBCtrlTrfRxService             text43       005B2
__end_of_USBCtrlTrfSetupHandler          text21       00AD4
__end_of_USBCtrlTrfTxService             text46       00DE4
__end_of_USBDeviceAttach                 text2        00870
__end_of_USBDeviceInit                   text1        00503
__end_of_USBDeviceTasks                  text13       002A9
__end_of_USBEnableEndpoint               text40       008B7
__end_of_USBIncrement1msInternalTimers   text18       01800
__end_of_USBStallHandler                 text17       009DE
__end_of_USBStdFeatureReqHandler         text29       00183
__end_of_USBStdGetDscHandler             text28       00E67
__end_of_USBStdGetStatusHandler          text27       00BE9
__end_of_USBStdSetCfgHandler             text25       01000
__end_of_USBSuspend                      text16       0084F
__end_of_USBTransferOnePacket            text9        00F76
__end_of_USBWakeFromSuspend              text15       00892
__end_of_USB_CD_Ptr                      stringtext2  0181E
__end_of_USB_SD_Ptr                      stringtext1  01818
__end_of_USER_USB_CALLBACK_EVENT_HANDLER text30       00B24
__end_of__initialization                 cinit        00029
__end_of_check_alcohol                   text8        017E4
__end_of_configDescriptor1               stringtext4  01053
__end_of_device_dsc                      stringtext7  01812
__end_of_hid_rpt01                       stringtext6  01092
__end_of_init_alcohol                    text4        017D0
__end_of_main                            maintext     00811
__end_of_memcpy                          text20       00A0C
__end_of_memset                          text26       00450
__end_of_sd000                           stringtext8  0181C
__end_of_sd001                           stringtext5  01075
__end_of_sd002                           stringtext3  0102A
__end_of_start_alcohol                   text5        017B6
__end_ofi1_LED_Init                      text35       01793
__end_ofi1_LED_Off                       text34       00907
__end_ofi1_LED_On                        text36       008DF
__end_ofi1_SYSTEM_Initialize             text31       00985
__end_ofi1_USBDeviceInit                 text14       0065B
__end_ofi1_USBTransferOnePacket          text39       00EEE
__end_ofi1_init_alcohol                  text32       017C3
__end_ofi1_start_alcohol                 text33       017AA
__initialization                         cinit        0000D
__pbssBANK0                              bssBANK0     00065
__pbssBANK1                              bssBANK1     000ED
__pbssBANK2                              bssBANK2     00160
__pbssBANK3                              bssBANK3     001A0
__pcstackBANK0                           cstackBANK0  00050
__pcstackBANK1                           cstackBANK1  000E0
__pcstackBANK2                           cstackBANK2  0016B
__pcstackCOMMON                          cstackCOMMON 00070
__pintentry                              intentry     00004
__pmaintext                              maintext     00801
__pstringtext1                           stringtext1  01812
__pstringtext2                           stringtext2  0181C
__pstringtext3                           stringtext3  01000
__pstringtext4                           stringtext4  0102A
__pstringtext5                           stringtext5  01053
__pstringtext6                           stringtext6  01075
__pstringtext7                           stringtext7  01800
__pstringtext8                           stringtext8  01818
__ptext1                                 text1        00450
__ptext10                                text10       00930
__ptext11                                text11       00907
__ptext13                                text13       00183
__ptext14                                text14       005B2
__ptext15                                text15       00870
__ptext16                                text16       0082F
__ptext17                                text17       009B1
__ptext18                                text18       017E4
__ptext19                                text19       00B24
__ptext2                                 text2        0084F
__ptext20                                text20       009DE
__ptext21                                text21       00A89
__ptext22                                text22       0065B
__ptext23                                text23       0079D
__ptext24                                text24       00C63
__ptext25                                text25       00F76
__ptext26                                text26       00386
__ptext27                                text27       00B7F
__ptext28                                text28       00DE4
__ptext29                                text29       0002D
__ptext3                                 text3        00985
__ptext30                                text30       00AD4
__ptext31                                text31       00959
__ptext32                                text32       017B6
__ptext33                                text33       0179E
__ptext34                                text34       008DF
__ptext35                                text35       01788
__ptext36                                text36       008B7
__ptext37                                text37       006FE
__ptext38                                text38       00811
__ptext39                                text39       00E67
__ptext4                                 text4        017C3
__ptext40                                text40       00892
__ptext41                                text41       00A46
__ptext42                                text42       00A0C
__ptext43                                text43       00503
__ptext44                                text44       00BE9
__ptext45                                text45       00CE1
__ptext46                                text46       00D61
__ptext5                                 text5        017AA
__ptext6                                 text6        01793
__ptext7                                 text7        002A9
__ptext8                                 text8        017D0
__ptext9                                 text9        00EEE
_active_protocol                         bssBANK3     001BC
_check_alcohol                           text8        017D0
_configDescriptor1                       stringtext4  0102A
_controlTransferState                    bssBANK1     000ED
_device_dsc                              stringtext7  01800
_endpoint_number                         bssBANK2     00166
_ep_data_in                              bssBANK2     00162
_ep_data_out                             bssBANK2     00160
_hid_rpt01                               stringtext6  01075
_idle_rate                               bssBANK3     001BD
_inPipes                                 bssBANK0     00065
_init_alcohol                            text4        017C3
_main                                    maintext     00801
_memcpy                                  text20       009DE
_memset                                  text26       00386
_outPipes                                bssBANK3     001A0
_pBDTEntryEP0OutCurrent                  bssBANK1     000EE
_pBDTEntryEP0OutNext                     bssBANK0     0006E
_pBDTEntryIn                             bssBANK0     0006A
_pBDTEntryOut                            bssBANK3     001AB
_pDst                                    bssBANK3     001BB
_sd000                                   stringtext8  01818
_sd001                                   stringtext5  01053
_sd002                                   stringtext3  01000
_shortPacketStatus                       bssBANK2     00167
_start_alcohol                           text5        017AA
btemp                                    (abs)        0007E
check_alcohol@value                      cstackBANK1  000E2
clear_ram0                               clrtext      007F9
end_of_initialization                    cinit        00029
i1LED_Off@led                            cstackCOMMON 00072
i1LED_On@led                             cstackCOMMON 00072
i1SYSTEM_Initialize@state                cstackCOMMON 00075
i1USBDeviceInit@i                        cstackCOMMON 00074
i1USBDeviceInit@i_882                    cstackCOMMON 00073
i1USBDeviceInit@p                        cstackCOMMON 00071
i1USBTransferOnePacket@data              cstackCOMMON 00071
i1USBTransferOnePacket@dir               cstackCOMMON 00070
i1USBTransferOnePacket@ep                cstackCOMMON 00078
i1USBTransferOnePacket@handle            cstackCOMMON 00079
i1USBTransferOnePacket@len               cstackCOMMON 00073
i1_LED_Init                              text35       01788
i1_LED_Off                               text34       008DF
i1_LED_On                                text36       008B7
i1_SYSTEM_Initialize                     text31       00959
i1_USBDeviceInit                         text14       005B2
i1_USBTransferOnePacket                  text39       00E67
i1_init_alcohol                          text32       017B6
i1_start_alcohol                         text33       0179E
int$flags                                (abs)        0007E
intlevel0                                functab      00000
intlevel1                                functab      00000
intlevel2                                functab      00000
intlevel3                                functab      00000
intlevel4                                functab      00000
intlevel5                                functab      00000
memcpy@d                                 cstackCOMMON 00079
memcpy@d1                                cstackCOMMON 00078
memcpy@n                                 cstackCOMMON 00072
memcpy@s                                 cstackCOMMON 00075
memcpy@s1                                cstackCOMMON 00070
memcpy@tmp                               cstackCOMMON 00077
memset@c                                 cstackCOMMON 00072
memset@dest                              cstackCOMMON 00070
memset@k                                 cstackCOMMON 0007A
memset@n                                 cstackCOMMON 00074
memset@s                                 cstackCOMMON 0007C
reset_vec                                reset_vec    00000
start                                    init         0000B
start_initialization                     cinit        0000D
wtemp0                                   (abs)        0007E


MODULE INFORMATION

Module		Function		Class		Link	Load	Size
usb_device_hid.c
		_USBCheckHIDRequest		CODE           	06FE	0000	159

usb_device_hid.c estimated size: 159

alcohol_drive.c
		_init_alcohol  		CODE           	17C3	0000	13
		_check_alcohol 		CODE           	17D0	0000	20
		_start_alcohol 		CODE           	17AA	0000	12

alcohol_drive.c estimated size: 45

C:\Program Files\Microchip\xc8\v2.36\pic\sources\c99\common\memset.c
		_memset        		CODE           	0386	0000	202

C:\Program Files\Microchip\xc8\v2.36\pic\sources\c99\common\memset.c estimated size: 202

app_device_custom_hid.c
		_APP_DeviceCustomHIDTasks		CODE           	02A9	0000	221
		_APP_DeviceCustomHIDInitialize		CODE           	0811	0000	30

app_device_custom_hid.c estimated size: 251

shared
		_configDescriptor1		STRCODE        	102A	0000	41
		_USB_CD_Ptr    		STRCODE        	181C	0000	2
		_sd001         		STRCODE        	1053	0000	34
		_sd002         		STRCODE        	1000	0000	42
		i1_init_alcohol		CODE           	17B6	0000	13
		i1_USBDeviceInit		CODE           	05B2	0000	169
		__initialization		CODE           	000D	0000	28
		i1_LED_Init    		CODE           	1788	0000	11
		_device_dsc    		STRCODE        	1800	0000	18
		i1_LED_On      		CODE           	08B7	0000	40
		i1_LED_Off     		CODE           	08DF	0000	40
		i1_SYSTEM_Initialize		CODE           	0959	0000	44
		_USB_SD_Ptr    		STRCODE        	1812	0000	6
		_hid_rpt01     		STRCODE        	1075	0000	29
		i1_start_alcohol		CODE           	179E	0000	12
		_sd000         		STRCODE        	1818	0000	4
		i1_USBTransferOnePacket		CODE           	0E67	0000	135

shared estimated size: 668

leds.c
		_LED_Init      		CODE           	1793	0000	11
		_LED_Off       		CODE           	0907	0000	41
		_LED_On        		CODE           	0930	0000	41

leds.c estimated size: 93

usb_device.c
		_USBCtrlTrfInHandler		CODE           	0CE1	0000	128
		_USBTransferOnePacket		CODE           	0EEE	0000	136
		_USBDeviceAttach		CODE           	084F	0000	33
		_USBStdGetDscHandler		CODE           	0DE4	0000	131
		_USBCtrlEPAllowDataStage		CODE           	079D	0000	92
		_USBStdFeatureReqHandler		CODE           	002D	0000	342
		_USBCtrlEPAllowStatusStage		CODE           	0BE9	0000	122
		_USBCtrlTrfSetupHandler		CODE           	0A89	0000	75
		_USBCtrlTrfOutHandler		CODE           	0A0C	0000	58
		_USBCtrlEPServiceComplete		CODE           	065B	0000	163
		_USBSuspend    		CODE           	082F	0000	32
		_USBStdSetCfgHandler		CODE           	0F76	0000	138
		_USBStdGetStatusHandler		CODE           	0B7F	0000	106
		_USBWakeFromSuspend		CODE           	0870	0000	34
		_USBCtrlTrfRxService		CODE           	0503	0000	175
		_USBCtrlTrfTxService		CODE           	0D61	0000	131
		_USBEnableEndpoint		CODE           	0892	0000	37
		_USBConfigureEndpoint		CODE           	0A46	0000	67
		_USBDeviceInit 		CODE           	0450	0000	179
		_USBIncrement1msInternalTimers		CODE           	17E4	0000	28
		_USBCtrlEPService		CODE           	0B24	0000	91
		_USBStallHandler		CODE           	09B1	0000	45
		_USBDeviceTasks		CODE           	0183	0000	294
		_USBCheckStdRequest		CODE           	0C63	0000	126

usb_device.c estimated size: 2763

usb_events.c
		_USER_USB_CALLBACK_EVENT_HANDLER		CODE           	0AD4	0000	80

usb_events.c estimated size: 80

C:\Program Files\Microchip\xc8\v2.36\pic\sources\c99\common\memcpy.c
		_memcpy        		CODE           	09DE	0000	46

C:\Program Files\Microchip\xc8\v2.36\pic\sources\c99\common\memcpy.c estimated size: 46

main.c
		_main          		CODE           	0801	0000	16

main.c estimated size: 16

system.c
		_SYS_InterruptHigh		CODE           	0004	0000	7
		_SYSTEM_Initialize		CODE           	0985	0000	44

system.c estimated size: 51

