Microchip MPLAB XC8 Compiler V2.35

Linker command line:

-W-3 --edf=C:\Program Files\Microchip\xc8\v2.35\pic\dat\en_msgs.txt -cn \
  -h+dist/default/production\AlcoholDrive-Emb.X.production.sym \
  --cmf=dist/default/production\AlcoholDrive-Emb.X.production.cmf -z \
  -Q16F1459 -oC:\Users\georg\AppData\Local\Temp\xcAsneg.4 \
  --defsym=__MPLAB_BUILD=1 \
  -Mdist/default/production/AlcoholDrive-Emb.X.production.map \
  --md=C:\Users\georg\AppData\Local\Temp\xcAsneg.dat -E1 -ver=XC8 Compiler \
  --acfsm=1493 -ACODE=00h-07FFhx4 -ASTRCODE=00h-01FFFh -ASTRING=00h-0FFhx32 \
  -ACONST=00h-0FFhx32 -AENTRY=00h-0FFhx32 -ACOMMON=070h-07Fh \
  -ABANK0=020h-06Fh -ABANK1=0A0h-0EFh -ABANK2=0120h-016Fh \
  -ABANK3=01A0h-01EFh -ABANK4=0220h-026Fh -ABANK5=02A0h-02EFh \
  -ABANK6=0320h-036Fh -ABANK7=03A0h-03EFh -ABANK8=0420h-046Fh \
  -ABANK9=04A0h-04EFh -ABANK10=0520h-056Fh -ABANK11=05A0h-05EFh \
  -ABANK12=0620h-064Fh -ABIGRAM=02000h-023EFh \
  -ARAM=020h-06Fh,0A0h-0EFh,0120h-016Fh,01A0h-01EFh,0220h-026Fh,02A0h-02EFh,0320h-036Fh,03A0h-03EFh,0420h-046Fh,04A0h-04EFh,0520h-056Fh,05A0h-05EFh,0620h-064Fh \
  -AABS1=020h-07Fh,0A0h-0EFh,0120h-016Fh,01A0h-01EFh,0220h-026Fh,02A0h-02EFh,0320h-036Fh,03A0h-03EFh,0420h-046Fh,04A0h-04EFh,0520h-056Fh,05A0h-05EFh,0620h-064Fh \
  -ASFR0=00h-01Fh -ASFR1=080h-09Fh -ASFR2=0100h-011Fh -ASFR3=0180h-019Fh \
  -ASFR4=0200h-021Fh -ASFR5=0280h-029Fh -ASFR6=0300h-031Fh \
  -ASFR7=0380h-039Fh -ASFR8=0400h-041Fh -ASFR9=0480h-049Fh \
  -ASFR10=0500h-051Fh -ASFR11=0580h-059Fh -ASFR12=0600h-061Fh \
  -ASFR13=0680h-06EFh -ASFR14=0700h-076Fh -ASFR15=0780h-07EFh \
  -ASFR16=0800h-086Fh -ASFR17=0880h-08EFh -ASFR18=0900h-096Fh \
  -ASFR19=0980h-09EFh -ASFR20=0A00h-0A6Fh -ASFR21=0A80h-0AEFh \
  -ASFR22=0B00h-0B6Fh -ASFR23=0B80h-0BEFh -ASFR24=0C00h-0C6Fh \
  -ASFR25=0C80h-0CEFh -ASFR26=0D00h-0D6Fh -ASFR27=0D80h-0DEFh \
  -ASFR28=0E00h-0E6Fh -ASFR29=0E80h-0EEFh -ASFR30=0F00h-0F6Fh \
  -ASFR31=0F80h-0FEFh -ACONFIG=08007h-08008h -DCONFIG=2 \
  -AIDLOC=08000h-08003h -DIDLOC=2 -DCODE=2 -DSTRCODE=2 -DSTRING=2 -DCONST=2 \
  -DENTRY=2 -preset_vec=00h,intentry=04h,init,end_init -ppowerup=CODE \
  -pcinit=CODE -pfunctab=ENTRY -k \
  C:\Users\georg\AppData\Local\Temp\xcAsneg.o \
  dist/default/production\AlcoholDrive-Emb.X.production.o 

Object code version is 3.11

Machine type is 16F1459



                Name                               Link     Load   Length Selector   Space Scale
C:\Users\georg\AppData\Local\Temp\xcAsneg.o
                end_init                              B        B        2        8       0
                reset_vec                             0        0        2        0       0
                config                             8007     8007        2        0       4
dist/default/production\AlcoholDrive-Emb.X.production.o
                cinit                                 D        D       1F        8       0
                intentry                              4        4        7        8       0
                config                             8007     8007        2        0       4
                text44                              DEB      DEB       83     1BD6       0
                text43                              CEF      CEF       7E     19DE       0
                text42                              C75      C75       7A     18EA       0
                text41                              423      423       AE        8       0
                text40                              A3C      A3C       3A     1478       0
                text39                              A76      A76       43     14EC       0
                text38                              89A      89A       25     1134       0
                text37                              EF1      EF1       87     1DE2       0
                text36                              81A      81A       1E     1034       0
                text35                              6C5      6C5       9F        8       0
                text34                              8BF      8BF       28     117E       0
                text33                              804      804        B     1008       0
                text32                              8E7      8E7       28     11CE       0
                text31                             17DB     17DB        3     2FB6       0
                text30                              98B      98B       2B     1316       0
                text29                              B04      B04       50     1608       0
                text28                               2C       2C      156        8       0
                text27                              E6E      E6E       83     1CDC       0
                text26                              C0B      C0B       6A     1816       0
                text25                              2A6      2A6       CA        8       0
                text24                              764      764       8A        8       0
                text23                              D6D      D6D       7E     1ADA       0
                text22                              BAF      BAF       5C     175E       0
                text21                              623      623       A2        8       0
                text20                              AB9      AB9       4B     1572       0
                text19                              A0E      A0E       2E     141C       0
                text18                              B54      B54       5B     16A8       0
                text17                             17E4     17E4       1C     2FC8       0
                text16                              9E1      9E1       2D     13C2       0
                text15                              838      838       20     1070       0
                text14                              878      878       22     10F0       0
                text13                              57A      57A       A9        8       0
                text12                              182      182      124        8       0
                text10                              90F      90F       29     121E       0
                text9                               938      938       29     1270       0
                text8                               F78      F78       88     1EF0       0
                text7                               961      961       2A     12C2       0
                text6                               4D1      4D1       A9        8       0
                text5                               80F      80F        B     101E       0
                text4                               801      801        3     1002       0
                text3                               9B6      9B6       2B     136C       0
                text2                               858      858       20     10B0       0
                text1                               370      370       B3        8       0
                maintext                            7EE      7EE       10        8       0
                cstackBANK0                          50       50       15       50       1
                cstackCOMMON                         70       70        E       70       1
                cstackBANK1                          E0       E0        E       E0       1
                clrtext                            17DE     17DE        6     2FBC       0
                bssBANK3                            1A0      1A0       1A      1A0       1
                bssBANK2                            160      160       10      160       1
                bssBANK1                             EE       EE        2       E0       1
                bssBANK0                             65       65        B       50       1
                stringtext8                        1818     1818        4     3000       0
                stringtext7                        1800     1800       12     3000       0
                stringtext6                        1075     1075       1D     2000       0
                stringtext5                        1053     1053       22     2000       0
                stringtext4                        102A     102A       29     2000       0
                stringtext3                        1000     1000       2A     2000       0
                stringtext2                        181C     181C        2     3000       0
                stringtext1                        1812     1812        6     3000       0

TOTAL           Name                               Link     Load   Length     Space
        CLASS   CODE           
                end_init                              B        B        2         0
                cinit                                 D        D       1F         0
                intentry                              4        4        7         0
                reset_vec                             0        0        2         0
                text44                              DEB      DEB       83         0
                text43                              CEF      CEF       7E         0
                text42                              C75      C75       7A         0
                text41                              423      423       AE         0
                text40                              A3C      A3C       3A         0
                text39                              A76      A76       43         0
                text38                              89A      89A       25         0
                text37                              EF1      EF1       87         0
                text36                              81A      81A       1E         0
                text35                              6C5      6C5       9F         0
                text34                              8BF      8BF       28         0
                text33                              804      804        B         0
                text32                              8E7      8E7       28         0
                text31                             17DB     17DB        3         0
                text30                              98B      98B       2B         0
                text29                              B04      B04       50         0
                text28                               2C       2C      156         0
                text27                              E6E      E6E       83         0
                text26                              C0B      C0B       6A         0
                text25                              2A6      2A6       CA         0
                text24                              764      764       8A         0
                text23                              D6D      D6D       7E         0
                text22                              BAF      BAF       5C         0
                text21                              623      623       A2         0
                text20                              AB9      AB9       4B         0
                text19                              A0E      A0E       2E         0
                text18                              B54      B54       5B         0
                text17                             17E4     17E4       1C         0
                text16                              9E1      9E1       2D         0
                text15                              838      838       20         0
                text14                              878      878       22         0
                text13                              57A      57A       A9         0
                text12                              182      182      124         0
                text10                              90F      90F       29         0
                text9                               938      938       29         0
                text8                               F78      F78       88         0
                text7                               961      961       2A         0
                text6                               4D1      4D1       A9         0
                text5                               80F      80F        B         0
                text4                               801      801        3         0
                text3                               9B6      9B6       2B         0
                text2                               858      858       20         0
                text1                               370      370       B3         0
                maintext                            7EE      7EE       10         0
                clrtext                            17DE     17DE        6         0

        CLASS   STRCODE        
                stringtext8                        1818     1818        4         0
                stringtext7                        1800     1800       12         0
                stringtext6                        1075     1075       1D         0
                stringtext5                        1053     1053       22         0
                stringtext4                        102A     102A       29         0
                stringtext3                        1000     1000       2A         0
                stringtext2                        181C     181C        2         0
                stringtext1                        1812     1812        6         0

        CLASS   STRING         

        CLASS   CONST          

        CLASS   ENTRY          

        CLASS   COMMON         
                cstackCOMMON                         70       70        E         1

        CLASS   BANK0          
                cstackBANK0                          50       50       15         1
                bssBANK0                             65       65        B         1

        CLASS   BANK1          
                cstackBANK1                          E0       E0        E         1
                bssBANK1                             EE       EE        2         1

        CLASS   BANK2          
                bssBANK2                            160      160       10         1

        CLASS   BANK3          
                bssBANK3                            1A0      1A0       1A         1

        CLASS   BANK4          

        CLASS   BANK5          

        CLASS   BANK6          

        CLASS   BANK7          

        CLASS   BANK8          

        CLASS   BANK9          

        CLASS   BANK10         

        CLASS   BANK11         

        CLASS   BANK12         

        CLASS   BIGRAM         

        CLASS   RAM            

        CLASS   ABS1           
                abs_s1                               20       20       30         1
                abs_s1                               7E       7E        2         1
                abs_s1                               A0       A0       40         1
                abs_s1                              120      120       40         1

        CLASS   SFR0           

        CLASS   SFR1           

        CLASS   SFR2           

        CLASS   SFR3           

        CLASS   SFR4           

        CLASS   SFR5           

        CLASS   SFR6           

        CLASS   SFR7           

        CLASS   SFR8           

        CLASS   SFR9           

        CLASS   SFR10          

        CLASS   SFR11          

        CLASS   SFR12          

        CLASS   SFR13          

        CLASS   SFR14          

        CLASS   SFR15          

        CLASS   SFR16          

        CLASS   SFR17          

        CLASS   SFR18          

        CLASS   SFR19          

        CLASS   SFR20          

        CLASS   SFR21          

        CLASS   SFR22          

        CLASS   SFR23          

        CLASS   SFR24          

        CLASS   SFR25          

        CLASS   SFR26          

        CLASS   SFR27          

        CLASS   SFR28          

        CLASS   SFR29          

        CLASS   SFR30          

        CLASS   SFR31          

        CLASS   CONFIG         
                config                             8007     8007        2         4

        CLASS   IDLOC          

        CLASS   BANK31         

        CLASS   BANK30         

        CLASS   BANK29         

        CLASS   BANK28         

        CLASS   BANK27         

        CLASS   BANK26         

        CLASS   BANK25         

        CLASS   BANK24         

        CLASS   BANK23         

        CLASS   BANK22         

        CLASS   BANK21         

        CLASS   BANK20         

        CLASS   BANK19         

        CLASS   BANK18         

        CLASS   BANK17         

        CLASS   BANK16         

        CLASS   BANK15         

        CLASS   BANK14         

        CLASS   BANK13         

        CLASS   HEAP           

        CLASS   STACK          

        CLASS   EEDATA         



SEGMENTS        Name                           Load    Length   Top    Selector   Space  Class     Delta

                reset_vec                      000000  000002  000002         0       0  CODE        2
                intentry                       000004  0007FA  0007FE         8       0  CODE        2
                cstackBANK0                    000050  000020  000070        50       1  BANK0       1
                cstackCOMMON                   000070  00000E  00007E        70       1  COMMON      1
                cstackBANK1                    0000E0  000010  0000F0        E0       1  BANK1       1
                bssBANK2                       000160  000010  000170       160       1  BANK2       1
                bssBANK3                       0001A0  00001A  0001BA       1A0       1  BANK3       1
                text4                          000801  000003  000804      1002       0  CODE        2
                text33                         000804  00000B  00080F      1008       0  CODE        2
                text5                          00080F  00000B  00081A      101E       0  CODE        2
                text36                         00081A  00001E  000838      1034       0  CODE        2
                text15                         000838  000020  000858      1070       0  CODE        2
                text2                          000858  000020  000878      10B0       0  CODE        2
                text14                         000878  000022  00089A      10F0       0  CODE        2
                text38                         00089A  000025  0008BF      1134       0  CODE        2
                text34                         0008BF  000028  0008E7      117E       0  CODE        2
                text32                         0008E7  000028  00090F      11CE       0  CODE        2
                text10                         00090F  000029  000938      121E       0  CODE        2
                text9                          000938  000029  000961      1270       0  CODE        2
                text7                          000961  00002A  00098B      12C2       0  CODE        2
                text30                         00098B  00002B  0009B6      1316       0  CODE        2
                text3                          0009B6  00002B  0009E1      136C       0  CODE        2
                text16                         0009E1  00002D  000A0E      13C2       0  CODE        2
                text19                         000A0E  00002E  000A3C      141C       0  CODE        2
                text40                         000A3C  00003A  000A76      1478       0  CODE        2
                text39                         000A76  000043  000AB9      14EC       0  CODE        2
                text20                         000AB9  00004B  000B04      1572       0  CODE        2
                text29                         000B04  000050  000B54      1608       0  CODE        2
                text18                         000B54  00005B  000BAF      16A8       0  CODE        2
                text22                         000BAF  00005C  000C0B      175E       0  CODE        2
                text26                         000C0B  00006A  000C75      1816       0  CODE        2
                text42                         000C75  00007A  000CEF      18EA       0  CODE        2
                text43                         000CEF  00007E  000D6D      19DE       0  CODE        2
                text23                         000D6D  00007E  000DEB      1ADA       0  CODE        2
                text44                         000DEB  000083  000E6E      1BD6       0  CODE        2
                text27                         000E6E  000083  000EF1      1CDC       0  CODE        2
                text37                         000EF1  000087  000F78      1DE2       0  CODE        2
                text8                          000F78  000088  001000      1EF0       0  CODE        2
                stringtext3                    001000  000092  001092      2000       0  STRCODE     2
                text31                         0017DB  000003  0017DE      2FB6       0  CODE        2
                clrtext                        0017DE  000006  0017E4      2FBC       0  CODE        2
                text17                         0017E4  00001C  001800      2FC8       0  CODE        2
                stringtext7                    001800  00001E  00181E      3000       0  STRCODE     2


UNUSED ADDRESS RANGES

        Name                Unused          Largest block    Delta
        BANK10           00520-0056F              50           1
        BANK11           005A0-005EF              50           1
        BANK12           00620-0064F              30           1
        BANK3            001BA-001EF              36           1
        BANK4            00220-0026F              50           1
        BANK5            002A0-002EF              50           1
        BANK6            00320-0036F              50           1
        BANK7            003A0-003EF              50           1
        BANK8            00420-0046F              50           1
        BANK9            004A0-004EF              50           1
        BIGRAM           02000-023EF             3F0           1
        CODE             00002-00003               2           2
                         007FE-00800               2
                         01092-017DA             749
                         0181E-01FFF             7E2
        CONST            00002-00003               2           2
                         007FE-00800               2
                         01092-017DA             100
                         0181E-01FFF             100
        ENTRY            00002-00003               2           2
                         007FE-00800               2
                         01092-017DA             100
                         0181E-01FFF             100
        IDLOC            08000-08003               4           2
        RAM              001BA-001EF              36           1
                         00220-0026F              50
                         002A0-002EF              50
                         00320-0036F              50
                         003A0-003EF              50
                         00420-0046F              50
                         004A0-004EF              50
                         00520-0056F              50
                         005A0-005EF              50
                         00620-0064F              30
        SFR0             00000-0001F              20           1
        SFR1             00080-0009F              20           1
        SFR10            00500-0051F              20           1
        SFR11            00580-0059F              20           1
        SFR12            00600-0061F              20           1
        SFR13            00680-006EF              70           1
        SFR14            00700-0076F              70           1
        SFR15            00780-007EF              70           1
        SFR16            00800-0086F              70           1
        SFR17            00880-008EF              70           1
        SFR18            00900-0096F              70           1
        SFR19            00980-009EF              70           1
        SFR2             00100-0011F              20           1
        SFR20            00A00-00A6F              70           1
        SFR21            00A80-00AEF              70           1
        SFR22            00B00-00B6F              70           1
        SFR23            00B80-00BEF              70           1
        SFR24            00C00-00C6F              70           1
        SFR25            00C80-00CEF              70           1
        SFR26            00D00-00D6F              70           1
        SFR27            00D80-00DEF              70           1
        SFR28            00E00-00E6F              70           1
        SFR29            00E80-00EEF              70           1
        SFR3             00180-0019F              20           1
        SFR30            00F00-00F6F              70           1
        SFR31            00F80-00FEF              70           1
        SFR4             00200-0021F              20           1
        SFR5             00280-0029F              20           1
        SFR6             00300-0031F              20           1
        SFR7             00380-0039F              20           1
        SFR8             00400-0041F              20           1
        SFR9             00480-0049F              20           1
        STRCODE          00002-00003               2           2
                         007FE-00800               3
                         01092-017DA             749
                         0181E-01FFF             7E2
        STRING           00002-00003               2           2
                         007FE-00800               2
                         01092-017DA             100
                         0181E-01FFF             100

                                  Symbol Table

?_USBTransferOnePacket                   cstackBANK1  000E0
?i1_USBTransferOnePacket                 cstackCOMMON 00070
APP_DeviceCustomHIDTasks@result          cstackBANK1  000ED
LED_Off@led                              cstackBANK1  000E2
LED_On@led                               cstackBANK1  000E2
SYSTEM_Initialize@state                  cstackBANK1  000E5
USBConfigureEndpoint@EPNum               cstackCOMMON 00075
USBConfigureEndpoint@direction           cstackCOMMON 00070
USBConfigureEndpoint@handle              cstackCOMMON 00076
USBCtrlTrfInHandler@lastDTS              cstackCOMMON 00075
USBCtrlTrfRxService@byteToRead           cstackCOMMON 00075
USBCtrlTrfRxService@i                    cstackCOMMON 00074
USBCtrlTrfTxService@byteToSend           cstackCOMMON 00072
USBDeviceInit@i                          cstackBANK1  000E4
USBDeviceInit@i_878                      cstackBANK1  000E3
USBDeviceInit@p                          cstackBANK1  000E1
USBDeviceTasks@i                         cstackBANK0  00064
USBEnableEndpoint@ep                     cstackCOMMON 0007C
USBEnableEndpoint@options                cstackCOMMON 00077
USBEnableEndpoint@p                      cstackCOMMON 0007A
USBStdFeatureReqHandler@current_ep_data  cstackBANK0  0005A
USBStdFeatureReqHandler@p                cstackBANK0  0005B
USBStdFeatureReqHandler@pUEP             cstackBANK0  00058
USBStdGetStatusHandler@p                 cstackCOMMON 00072
USBStdSetCfgHandler@i                    cstackBANK0  0005A
USBStdSetCfgHandler@i_1611               cstackBANK0  00059
USBStdSetCfgHandler@p                    cstackBANK0  00057
USBTransferOnePacket@data                cstackBANK1  000E1
USBTransferOnePacket@dir                 cstackBANK1  000E0
USBTransferOnePacket@ep                  cstackBANK1  000E8
USBTransferOnePacket@handle              cstackBANK1  000E9
USBTransferOnePacket@len                 cstackBANK1  000E3
USER_USB_CALLBACK_EVENT_HANDLER@event    cstackBANK0  00050
USER_USB_CALLBACK_EVENT_HANDLER@pdata    cstackBANK0  00052
USER_USB_CALLBACK_EVENT_HANDLER@size     cstackBANK0  00054
_ACTCON                                  (abs)        0039B
_ANSELA                                  (abs)        0018C
_ANSELC                                  (abs)        0018E
_APP_DeviceCustomHIDInitialize           text36       0081A
_APP_DeviceCustomHIDTasks                text6        004D1
_BDT                                     (abs)        00020
_BothEP0OutUOWNsSet                      bssBANK3     001B4
_CtrlTrfData                             (abs)        00048
_INTCONbits                              (abs)        0000B
_LATCbits                                (abs)        0010E
_LED_Init                                text5        0080F
_LED_Off                                 text10       0090F
_LED_On                                  text9        00938
_OSCCON                                  (abs)        00099
_PIE2bits                                (abs)        00092
_PIR2bits                                (abs)        00012
_PORTAbits                               (abs)        0000C
_ReceivedDataBuffer                      (abs)        000A0
_RemoteWakeup                            bssBANK3     001B6
_SYSTEM_Initialize                       text3        009B6
_SYS_InterruptHigh                       intentry     00004
_SetupPkt                                (abs)        00040
_TRISAbits                               (abs)        0008C
_TRISCbits                               (abs)        0008E
_ToSendDataBuffer                        (abs)        00120
_UADDR                                   (abs)        00E96
_UCFG                                    (abs)        00E91
_UCON                                    (abs)        00E8E
_UCONbits                                (abs)        00E8E
_UEIE                                    (abs)        00E97
_UEIR                                    (abs)        00E93
_UEP0                                    (abs)        00E98
_UEP0bits                                (abs)        00E98
_UEP1                                    (abs)        00E99
_UIE                                     (abs)        00E92
_UIEbits                                 (abs)        00E92
_UIR                                     (abs)        00E90
_UIRbits                                 (abs)        00E90
_USB1msTickCount                         bssBANK3     001A0
_USBActiveConfiguration                  bssBANK2     0016F
_USBAlternateInterface                   bssBANK2     0016E
_USBBusIsSuspended                       bssBANK3     001B5
_USBCheckHIDRequest                      text35       006C5
_USBCheckStdRequest                      text23       00D6D
_USBConfigureEndpoint                    text39       00A76
_USBCtrlEPAllowDataStage                 text22       00BAF
_USBCtrlEPAllowStatusStage               text42       00C75
_USBCtrlEPService                        text18       00B54
_USBCtrlEPServiceComplete                text21       00623
_USBCtrlTrfInHandler                     text43       00CEF
_USBCtrlTrfOutHandler                    text40       00A3C
_USBCtrlTrfRxService                     text41       00423
_USBCtrlTrfSetupHandler                  text20       00AB9
_USBCtrlTrfTxService                     text44       00DEB
_USBDeferINDataStagePackets              bssBANK3     001B0
_USBDeferOUTDataStagePackets             bssBANK3     001AF
_USBDeferStatusStagePacket               bssBANK2     00169
_USBDeviceAttach                         text2        00858
_USBDeviceInit                           text1        00370
_USBDeviceState                          bssBANK1     000EF
_USBDeviceTasks                          text12       00182
_USBEnableEndpoint                       text38       0089A
_USBInHandle                             bssBANK3     001AA
_USBIncrement1msInternalTimers           text17       017E4
_USBOutHandle                            bssBANK3     001AC
_USBStallHandler                         text16       009E1
_USBStatusStageEnabledFlag1              bssBANK3     001B2
_USBStatusStageEnabledFlag2              bssBANK3     001B1
_USBStatusStageTimeoutCounter            bssBANK3     001B3
_USBStdFeatureReqHandler                 text28       0002C
_USBStdGetDscHandler                     text27       00E6E
_USBStdGetStatusHandler                  text26       00C0B
_USBStdSetCfgHandler                     text24       00764
_USBSuspend                              text15       00838
_USBTicksSinceSuspendEnd                 bssBANK3     001AE
_USBTransferOnePacket                    text8        00F78
_USBWakeFromSuspend                      text14       00878
_USB_CD_Ptr                              stringtext2  0181C
_USB_SD_Ptr                              stringtext1  01812
_USER_USB_CALLBACK_EVENT_HANDLER         text29       00B04
_USTAT                                   (abs)        00E8F
_USTATcopy                               bssBANK2     0016D
__Habs1                                  abs1         00000
__Hbank0                                 bank0        00000
__Hbank1                                 bank1        00000
__Hbank10                                bank10       00000
__Hbank11                                bank11       00000
__Hbank12                                bank12       00000
__Hbank13                                bank13       00000
__Hbank14                                bank14       00000
__Hbank15                                bank15       00000
__Hbank16                                bank16       00000
__Hbank17                                bank17       00000
__Hbank18                                bank18       00000
__Hbank19                                bank19       00000
__Hbank2                                 bank2        00000
__Hbank20                                bank20       00000
__Hbank21                                bank21       00000
__Hbank22                                bank22       00000
__Hbank23                                bank23       00000
__Hbank24                                bank24       00000
__Hbank25                                bank25       00000
__Hbank26                                bank26       00000
__Hbank27                                bank27       00000
__Hbank28                                bank28       00000
__Hbank29                                bank29       00000
__Hbank3                                 bank3        00000
__Hbank30                                bank30       00000
__Hbank31                                bank31       00000
__Hbank4                                 bank4        00000
__Hbank5                                 bank5        00000
__Hbank6                                 bank6        00000
__Hbank7                                 bank7        00000
__Hbank8                                 bank8        00000
__Hbank9                                 bank9        00000
__Hbigram                                bigram       00000
__HbssBANK0                              bssBANK0     00000
__HbssBANK1                              bssBANK1     00000
__HbssBANK2                              bssBANK2     00000
__HbssBANK3                              bssBANK3     00000
__Hcinit                                 cinit        0002C
__Hclrtext                               clrtext      00000
__Hcode                                  code         00000
__Hcommon                                common       00000
__Hconfig                                config       08009
__HcstackBANK0                           cstackBANK0  00000
__HcstackBANK1                           cstackBANK1  00000
__HcstackCOMMON                          cstackCOMMON 00000
__Heeprom_data                           eeprom_data  00000
__Hend_init                              end_init     0000D
__Hfunctab                               functab      00000
__Hheap                                  heap         00000
__Hinit                                  init         0000B
__Hintentry                              intentry     0000B
__Hmaintext                              maintext     00000
__Hpowerup                               powerup      00000
__Hram                                   ram          00000
__Hreset_vec                             reset_vec    00002
__Hsfr0                                  sfr0         00000
__Hsfr1                                  sfr1         00000
__Hsfr10                                 sfr10        00000
__Hsfr11                                 sfr11        00000
__Hsfr12                                 sfr12        00000
__Hsfr13                                 sfr13        00000
__Hsfr14                                 sfr14        00000
__Hsfr15                                 sfr15        00000
__Hsfr16                                 sfr16        00000
__Hsfr17                                 sfr17        00000
__Hsfr18                                 sfr18        00000
__Hsfr19                                 sfr19        00000
__Hsfr2                                  sfr2         00000
__Hsfr20                                 sfr20        00000
__Hsfr21                                 sfr21        00000
__Hsfr22                                 sfr22        00000
__Hsfr23                                 sfr23        00000
__Hsfr24                                 sfr24        00000
__Hsfr25                                 sfr25        00000
__Hsfr26                                 sfr26        00000
__Hsfr27                                 sfr27        00000
__Hsfr28                                 sfr28        00000
__Hsfr29                                 sfr29        00000
__Hsfr3                                  sfr3         00000
__Hsfr30                                 sfr30        00000
__Hsfr31                                 sfr31        00000
__Hsfr4                                  sfr4         00000
__Hsfr5                                  sfr5         00000
__Hsfr6                                  sfr6         00000
__Hsfr7                                  sfr7         00000
__Hsfr8                                  sfr8         00000
__Hsfr9                                  sfr9         00000
__Hspace_0                               (abs)        0181E
__Hspace_1                               (abs)        001BA
__Hspace_2                               (abs)        00000
__Hspace_3                               (abs)        00000
__Hspace_4                               (abs)        10010
__Hstack                                 stack        00000
__Hstrings                               strings      00000
__Hstringtext1                           stringtext1  00000
__Hstringtext2                           stringtext2  00000
__Hstringtext3                           stringtext3  00000
__Hstringtext4                           stringtext4  00000
__Hstringtext5                           stringtext5  00000
__Hstringtext6                           stringtext6  00000
__Hstringtext7                           stringtext7  00000
__Hstringtext8                           stringtext8  00000
__Htext                                  text         00000
__Labs1                                  abs1         00000
__Lbank0                                 bank0        00000
__Lbank1                                 bank1        00000
__Lbank10                                bank10       00000
__Lbank11                                bank11       00000
__Lbank12                                bank12       00000
__Lbank13                                bank13       00000
__Lbank14                                bank14       00000
__Lbank15                                bank15       00000
__Lbank16                                bank16       00000
__Lbank17                                bank17       00000
__Lbank18                                bank18       00000
__Lbank19                                bank19       00000
__Lbank2                                 bank2        00000
__Lbank20                                bank20       00000
__Lbank21                                bank21       00000
__Lbank22                                bank22       00000
__Lbank23                                bank23       00000
__Lbank24                                bank24       00000
__Lbank25                                bank25       00000
__Lbank26                                bank26       00000
__Lbank27                                bank27       00000
__Lbank28                                bank28       00000
__Lbank29                                bank29       00000
__Lbank3                                 bank3        00000
__Lbank30                                bank30       00000
__Lbank31                                bank31       00000
__Lbank4                                 bank4        00000
__Lbank5                                 bank5        00000
__Lbank6                                 bank6        00000
__Lbank7                                 bank7        00000
__Lbank8                                 bank8        00000
__Lbank9                                 bank9        00000
__Lbigram                                bigram       00000
__LbssBANK0                              bssBANK0     00000
__LbssBANK1                              bssBANK1     00000
__LbssBANK2                              bssBANK2     00000
__LbssBANK3                              bssBANK3     00000
__Lcinit                                 cinit        0000D
__Lclrtext                               clrtext      00000
__Lcode                                  code         00000
__Lcommon                                common       00000
__Lconfig                                config       00000
__LcstackBANK0                           cstackBANK0  00000
__LcstackBANK1                           cstackBANK1  00000
__LcstackCOMMON                          cstackCOMMON 00000
__Leeprom_data                           eeprom_data  00000
__Lend_init                              end_init     0000B
__Lfunctab                               functab      00000
__Lheap                                  heap         00000
__Linit                                  init         0000B
__Lintentry                              intentry     00004
__Lmaintext                              maintext     00000
__Lpowerup                               powerup      00000
__Lram                                   ram          00000
__Lreset_vec                             reset_vec    00000
__Lsfr0                                  sfr0         00000
__Lsfr1                                  sfr1         00000
__Lsfr10                                 sfr10        00000
__Lsfr11                                 sfr11        00000
__Lsfr12                                 sfr12        00000
__Lsfr13                                 sfr13        00000
__Lsfr14                                 sfr14        00000
__Lsfr15                                 sfr15        00000
__Lsfr16                                 sfr16        00000
__Lsfr17                                 sfr17        00000
__Lsfr18                                 sfr18        00000
__Lsfr19                                 sfr19        00000
__Lsfr2                                  sfr2         00000
__Lsfr20                                 sfr20        00000
__Lsfr21                                 sfr21        00000
__Lsfr22                                 sfr22        00000
__Lsfr23                                 sfr23        00000
__Lsfr24                                 sfr24        00000
__Lsfr25                                 sfr25        00000
__Lsfr26                                 sfr26        00000
__Lsfr27                                 sfr27        00000
__Lsfr28                                 sfr28        00000
__Lsfr29                                 sfr29        00000
__Lsfr3                                  sfr3         00000
__Lsfr30                                 sfr30        00000
__Lsfr31                                 sfr31        00000
__Lsfr4                                  sfr4         00000
__Lsfr5                                  sfr5         00000
__Lsfr6                                  sfr6         00000
__Lsfr7                                  sfr7         00000
__Lsfr8                                  sfr8         00000
__Lsfr9                                  sfr9         00000
__Lspace_0                               (abs)        00000
__Lspace_1                               (abs)        00000
__Lspace_2                               (abs)        00000
__Lspace_3                               (abs)        00000
__Lspace_4                               (abs)        00000
__Lstack                                 stack        00000
__Lstrings                               strings      00000
__Lstringtext1                           stringtext1  00000
__Lstringtext2                           stringtext2  00000
__Lstringtext3                           stringtext3  00000
__Lstringtext4                           stringtext4  00000
__Lstringtext5                           stringtext5  00000
__Lstringtext6                           stringtext6  00000
__Lstringtext7                           stringtext7  00000
__Lstringtext8                           stringtext8  00000
__Ltext                                  text         00000
__S0                                     (abs)        0181E
__S1                                     (abs)        001BA
___heap_hi                               (abs)        00000
___heap_lo                               (abs)        00000
___int_sp                                stack        00000
___latbits                               (abs)        00002
___sp                                    stack        00000
___stackhi                               (abs)        00000
___stacklo                               (abs)        00000
__end_of_APP_DeviceCustomHIDInitialize   text36       00838
__end_of_APP_DeviceCustomHIDTasks        text6        0057A
__end_of_LED_Init                        text5        0081A
__end_of_LED_Off                         text10       00938
__end_of_LED_On                          text9        00961
__end_of_SYSTEM_Initialize               text3        009E1
__end_of_SYS_InterruptHigh               intentry     0000B
__end_of_USBCheckHIDRequest              text35       00764
__end_of_USBCheckStdRequest              text23       00DEB
__end_of_USBConfigureEndpoint            text39       00AB9
__end_of_USBCtrlEPAllowDataStage         text22       00C0B
__end_of_USBCtrlEPAllowStatusStage       text42       00CEF
__end_of_USBCtrlEPService                text18       00BAF
__end_of_USBCtrlEPServiceComplete        text21       006C5
__end_of_USBCtrlTrfInHandler             text43       00D6D
__end_of_USBCtrlTrfOutHandler            text40       00A76
__end_of_USBCtrlTrfRxService             text41       004D1
__end_of_USBCtrlTrfSetupHandler          text20       00B04
__end_of_USBCtrlTrfTxService             text44       00E6E
__end_of_USBDeviceAttach                 text2        00878
__end_of_USBDeviceInit                   text1        00423
__end_of_USBDeviceTasks                  text12       002A6
__end_of_USBEnableEndpoint               text38       008BF
__end_of_USBIncrement1msInternalTimers   text17       01800
__end_of_USBStallHandler                 text16       00A0E
__end_of_USBStdFeatureReqHandler         text28       00182
__end_of_USBStdGetDscHandler             text27       00EF1
__end_of_USBStdGetStatusHandler          text26       00C75
__end_of_USBStdSetCfgHandler             text24       007EE
__end_of_USBSuspend                      text15       00858
__end_of_USBTransferOnePacket            text8        01000
__end_of_USBWakeFromSuspend              text14       0089A
__end_of_USB_CD_Ptr                      stringtext2  0181E
__end_of_USB_SD_Ptr                      stringtext1  01818
__end_of_USER_USB_CALLBACK_EVENT_HANDLER text29       00B54
__end_of__initialization                 cinit        00028
__end_of_check_alcohol                   text7        0098B
__end_of_configDescriptor1               stringtext4  01053
__end_of_device_dsc                      stringtext7  01812
__end_of_hid_rpt01                       stringtext6  01092
__end_of_init_alcohol                    text4        00804
__end_of_main                            maintext     007FE
__end_of_memcpy                          text19       00A3C
__end_of_memset                          text25       00370
__end_of_sd000                           stringtext8  0181C
__end_of_sd001                           stringtext5  01075
__end_of_sd002                           stringtext3  0102A
__end_ofi1_LED_Init                      text33       0080F
__end_ofi1_LED_Off                       text32       0090F
__end_ofi1_LED_On                        text34       008E7
__end_ofi1_SYSTEM_Initialize             text30       009B6
__end_ofi1_USBDeviceInit                 text13       00623
__end_ofi1_USBTransferOnePacket          text37       00F78
__end_ofi1_init_alcohol                  text31       017DE
__initialization                         cinit        0000D
__pbssBANK0                              bssBANK0     00065
__pbssBANK1                              bssBANK1     000EE
__pbssBANK2                              bssBANK2     00160
__pbssBANK3                              bssBANK3     001A0
__pcstackBANK0                           cstackBANK0  00050
__pcstackBANK1                           cstackBANK1  000E0
__pcstackCOMMON                          cstackCOMMON 00070
__pintentry                              intentry     00004
__pmaintext                              maintext     007EE
__pstringtext1                           stringtext1  01812
__pstringtext2                           stringtext2  0181C
__pstringtext3                           stringtext3  01000
__pstringtext4                           stringtext4  0102A
__pstringtext5                           stringtext5  01053
__pstringtext6                           stringtext6  01075
__pstringtext7                           stringtext7  01800
__pstringtext8                           stringtext8  01818
__ptext1                                 text1        00370
__ptext10                                text10       0090F
__ptext12                                text12       00182
__ptext13                                text13       0057A
__ptext14                                text14       00878
__ptext15                                text15       00838
__ptext16                                text16       009E1
__ptext17                                text17       017E4
__ptext18                                text18       00B54
__ptext19                                text19       00A0E
__ptext2                                 text2        00858
__ptext20                                text20       00AB9
__ptext21                                text21       00623
__ptext22                                text22       00BAF
__ptext23                                text23       00D6D
__ptext24                                text24       00764
__ptext25                                text25       002A6
__ptext26                                text26       00C0B
__ptext27                                text27       00E6E
__ptext28                                text28       0002C
__ptext29                                text29       00B04
__ptext3                                 text3        009B6
__ptext30                                text30       0098B
__ptext31                                text31       017DB
__ptext32                                text32       008E7
__ptext33                                text33       00804
__ptext34                                text34       008BF
__ptext35                                text35       006C5
__ptext36                                text36       0081A
__ptext37                                text37       00EF1
__ptext38                                text38       0089A
__ptext39                                text39       00A76
__ptext4                                 text4        00801
__ptext40                                text40       00A3C
__ptext41                                text41       00423
__ptext42                                text42       00C75
__ptext43                                text43       00CEF
__ptext44                                text44       00DEB
__ptext5                                 text5        0080F
__ptext6                                 text6        004D1
__ptext7                                 text7        00961
__ptext8                                 text8        00F78
__ptext9                                 text9        00938
_active_protocol                         bssBANK3     001B8
_check_alcohol                           text7        00961
_configDescriptor1                       stringtext4  0102A
_controlTransferState                    bssBANK2     0016B
_device_dsc                              stringtext7  01800
_endpoint_number                         bssBANK2     0016A
_ep_data_in                              bssBANK2     00167
_ep_data_out                             bssBANK3     001A8
_hid_rpt01                               stringtext6  01075
_idle_rate                               bssBANK3     001B9
_inPipes                                 bssBANK0     00065
_init_alcohol                            text4        00801
_main                                    maintext     007EE
_memcpy                                  text19       00A0E
_memset                                  text25       002A6
_outPipes                                bssBANK2     00160
_pBDTEntryEP0OutCurrent                  bssBANK1     000EE
_pBDTEntryEP0OutNext                     bssBANK0     0006E
_pBDTEntryIn                             bssBANK0     0006A
_pBDTEntryOut                            bssBANK3     001A4
_pDst                                    bssBANK3     001B7
_sd000                                   stringtext8  01818
_sd001                                   stringtext5  01053
_sd002                                   stringtext3  01000
_shortPacketStatus                       bssBANK2     0016C
btemp                                    (abs)        0007E
check_alcohol@i                          cstackBANK1  000E3
check_alcohol@max                        cstackBANK1  000E1
check_alcohol@ret                        cstackBANK1  000E5
clear_ram0                               clrtext      017DE
end_of_initialization                    cinit        00028
i1LED_Off@led                            cstackCOMMON 00072
i1LED_On@led                             cstackCOMMON 00072
i1SYSTEM_Initialize@state                cstackCOMMON 00075
i1USBDeviceInit@i                        cstackCOMMON 00074
i1USBDeviceInit@i_878                    cstackCOMMON 00073
i1USBDeviceInit@p                        cstackCOMMON 00071
i1USBTransferOnePacket@data              cstackCOMMON 00071
i1USBTransferOnePacket@dir               cstackCOMMON 00070
i1USBTransferOnePacket@ep                cstackCOMMON 00078
i1USBTransferOnePacket@handle            cstackCOMMON 00079
i1USBTransferOnePacket@len               cstackCOMMON 00073
i1_LED_Init                              text33       00804
i1_LED_Off                               text32       008E7
i1_LED_On                                text34       008BF
i1_SYSTEM_Initialize                     text30       0098B
i1_USBDeviceInit                         text13       0057A
i1_USBTransferOnePacket                  text37       00EF1
i1_init_alcohol                          text31       017DB
int$flags                                (abs)        0007E
intlevel0                                functab      00000
intlevel1                                functab      00000
intlevel2                                functab      00000
intlevel3                                functab      00000
intlevel4                                functab      00000
intlevel5                                functab      00000
memcpy@d                                 cstackCOMMON 00079
memcpy@d1                                cstackCOMMON 00078
memcpy@n                                 cstackCOMMON 00072
memcpy@s                                 cstackCOMMON 00075
memcpy@s1                                cstackCOMMON 00070
memcpy@tmp                               cstackCOMMON 00077
memset@c                                 cstackCOMMON 00072
memset@dest                              cstackCOMMON 00070
memset@k                                 cstackCOMMON 0007A
memset@n                                 cstackCOMMON 00074
memset@s                                 cstackCOMMON 0007C
reset_vec                                reset_vec    00000
start                                    init         0000B
start_initialization                     cinit        0000D
wtemp0                                   (abs)        0007E


MODULE INFORMATION

Module		Function		Class		Link	Load	Size
usb_device_hid.c
		_USBCheckHIDRequest		CODE           	06C5	0000	159

usb_device_hid.c estimated size: 159

alcohol_drive.c
		_init_alcohol  		CODE           	0801	0000	3
		_check_alcohol 		CODE           	0961	0000	42

alcohol_drive.c estimated size: 45

C:\Program Files\Microchip\xc8\v2.35\pic\sources\c99\common\memcpy.c
		_memcpy        		CODE           	0A0E	0000	46

C:\Program Files\Microchip\xc8\v2.35\pic\sources\c99\common\memcpy.c estimated size: 46

app_device_custom_hid.c
		_APP_DeviceCustomHIDTasks		CODE           	04D1	0000	169
		_APP_DeviceCustomHIDInitialize		CODE           	081A	0000	30

app_device_custom_hid.c estimated size: 199

shared
		_configDescriptor1		STRCODE        	102A	0000	41
		_USB_CD_Ptr    		STRCODE        	181C	0000	2
		_sd001         		STRCODE        	1053	0000	34
		_sd002         		STRCODE        	1000	0000	42
		i1_init_alcohol		CODE           	17DB	0000	3
		i1_USBDeviceInit		CODE           	057A	0000	169
		__initialization		CODE           	000D	0000	27
		i1_LED_Init    		CODE           	0804	0000	11
		_device_dsc    		STRCODE        	1800	0000	18
		i1_LED_On      		CODE           	08BF	0000	40
		i1_LED_Off     		CODE           	08E7	0000	40
		i1_SYSTEM_Initialize		CODE           	098B	0000	43
		_USB_SD_Ptr    		STRCODE        	1812	0000	6
		_hid_rpt01     		STRCODE        	1075	0000	29
		_sd000         		STRCODE        	1818	0000	4
		i1_USBTransferOnePacket		CODE           	0EF1	0000	135

shared estimated size: 644

leds.c
		_LED_Init      		CODE           	080F	0000	11
		_LED_Off       		CODE           	090F	0000	41
		_LED_On        		CODE           	0938	0000	41

leds.c estimated size: 93

usb_device.c
		_USBCtrlTrfInHandler		CODE           	0CEF	0000	126
		_USBTransferOnePacket		CODE           	0F78	0000	136
		_USBDeviceAttach		CODE           	0858	0000	32
		_USBStdGetDscHandler		CODE           	0E6E	0000	131
		_USBCtrlEPAllowDataStage		CODE           	0BAF	0000	92
		_USBStdFeatureReqHandler		CODE           	002C	0000	342
		_USBCtrlEPAllowStatusStage		CODE           	0C75	0000	122
		_USBCtrlTrfSetupHandler		CODE           	0AB9	0000	75
		_USBCtrlTrfOutHandler		CODE           	0A3C	0000	58
		_USBCtrlEPServiceComplete		CODE           	0623	0000	162
		_USBSuspend    		CODE           	0838	0000	32
		_USBStdSetCfgHandler		CODE           	0764	0000	138
		_USBStdGetStatusHandler		CODE           	0C0B	0000	106
		_USBWakeFromSuspend		CODE           	0878	0000	34
		_USBCtrlTrfRxService		CODE           	0423	0000	174
		_USBCtrlTrfTxService		CODE           	0DEB	0000	131
		_USBEnableEndpoint		CODE           	089A	0000	37
		_USBConfigureEndpoint		CODE           	0A76	0000	67
		_USBDeviceInit 		CODE           	0370	0000	179
		_USBIncrement1msInternalTimers		CODE           	17E4	0000	28
		_USBCtrlEPService		CODE           	0B54	0000	91
		_USBStallHandler		CODE           	09E1	0000	45
		_USBDeviceTasks		CODE           	0182	0000	292
		_USBCheckStdRequest		CODE           	0D6D	0000	126

usb_device.c estimated size: 2756

usb_events.c
		_USER_USB_CALLBACK_EVENT_HANDLER		CODE           	0B04	0000	80

usb_events.c estimated size: 80

C:\Program Files\Microchip\xc8\v2.35\pic\sources\c99\common\memset.c
		_memset        		CODE           	02A6	0000	202

C:\Program Files\Microchip\xc8\v2.35\pic\sources\c99\common\memset.c estimated size: 202

main.c
		_main          		CODE           	07EE	0000	16

main.c estimated size: 16

system.c
		_SYS_InterruptHigh		CODE           	0004	0000	7
		_SYSTEM_Initialize		CODE           	09B6	0000	43

system.c estimated size: 50

